[premiumlayers.net/demo/html/vcard/vcard/index.html]
[backblue.gif]
[fade.gif]
[index.html]
[premiumlayers.net/demo/html/vcard/vcard/images/loading.gif]
[premiumlayers.net/demo/html/vcard/vcard/images/profile-avatar.png]
[premiumlayers.net/demo/html/vcard/vcard/images/projects/1-big.jpg]
[premiumlayers.net/demo/html/vcard/vcard/images/projects/1.jpg]
[premiumlayers.net/demo/html/vcard/vcard/images/projects/2.jpg]
[premiumlayers.net/demo/html/vcard/vcard/images/projects/3.jpg]
[premiumlayers.net/demo/html/vcard/vcard/images/projects/4.jpg]
[premiumlayers.net/demo/html/vcard/vcard/images/projects/5.jpg]
[premiumlayers.net/demo/html/vcard/vcard/images/projects/6.jpg]
[premiumlayers.net/demo/html/vcard/vcard/images/projects/7.jpg]
[premiumlayers.net/demo/html/vcard/vcard/images/projects/8.jpg]
[premiumlayers.net/demo/html/vcard/vcard/images/projects/9.jpg]
[premiumlayers.net/demo/html/vcard/vcard/images/projects/10.jpg]
[premiumlayers.net/demo/html/vcard/vcard/images/projects/11.jpg]
[premiumlayers.net/demo/html/vcard/vcard/images/projects/12.jpg]
[premiumlayers.net/demo/html/vcard/vcard/images/blog/1.jpg]
[premiumlayers.net/demo/html/vcard/vcard/blog-single.html]
[premiumlayers.net/demo/html/vcard/vcard/images/blog/2.jpg]
[premiumlayers.net/demo/html/vcard/vcard/images/blog/3.jpg]
[ajax.googleapis.com/ajax/libs/jquery/1.9.1/jquery.min.js]
[premiumlayers.net/demo/html/vcard/vcard/js/bootstrap.js]
[premiumlayers.net/demo/html/vcard/vcard/js/jquery.flexslider.js]
[premiumlayers.net/demo/html/vcard/vcard/js/jquery.easing.js]
[premiumlayers.net/demo/html/vcard/vcard/js/jquery.mixitup.min.js]
[premiumlayers.net/demo/html/vcard/vcard/js/nivo-lightbox.min.js]
[premiumlayers.net/demo/html/vcard/vcard/js/jquery.appear.js]
[premiumlayers.net/demo/html/vcard/vcard/js/jquery.inview.js]
[premiumlayers.net/demo/html/vcard/vcard/js/main.js]
[premiumlayers.net/demo/html/vcard/vcard/js/contact.js]
[premiumlayers.net/demo/html/vcard/vcard/js/animations.js]
[premiumlayers.net/demo/html/vcard/vcard/js/gmaps.js]
[premiumlayers.net/demo/html/vcard/vcard/js/styleswitch.js]
[premiumlayers.net/demo/html/vcard/vcard/js/style_switch_custom.js]
[premiumlayers.net/demo/html/vcard/vcard/index.html]
[premiumlayers.net/demo/html/vcard/vcard/img/favicon.html]
[premiumlayers.net/demo/html/vcard/vcard/img/apple-touch-icon.html]
[premiumlayers.net/demo/html/vcard/vcard/img/apple-touch-icon-72x72.html]
[premiumlayers.net/demo/html/vcard/vcard/img/apple-touch-icon-114x114.html]
[premiumlayers.net/demo/html/vcard/vcard/img/apple-touch-icon-144x144.html]
[premiumlayers.net/demo/html/vcard/vcard/css/bootstrap.css]
[premiumlayers.net/demo/html/vcard/vcard/font-awesome/fonts/fontawesome-webfontba72.eot]
[premiumlayers.net/demo/html/vcard/vcard/font-awesome/fonts/fontawesome-webfontd41d.eot]
[premiumlayers.net/demo/html/vcard/vcard/font-awesome/fonts/fontawesome-webfontba72.woff]
[premiumlayers.net/demo/html/vcard/vcard/font-awesome/fonts/fontawesome-webfontba72.ttf]
[premiumlayers.net/demo/html/vcard/vcard/font-awesome/css/font-awesome.min.css]
[premiumlayers.net/demo/html/vcard/vcard/images/profile-bg.jpg]
[premiumlayers.net/demo/html/vcard/vcard/images/pic-bg.png]
[premiumlayers.net/demo/html/vcard/vcard/images/sep.png]
[premiumlayers.net/demo/html/vcard/vcard/images/sep-lite.png]
[premiumlayers.net/demo/html/vcard/vcard/css/style.css]
[premiumlayers.net/demo/html/vcard/vcard/css/flexslider.css]
[premiumlayers.net/demo/html/vcard/vcard/css/nivo-lightbox.css]
[premiumlayers.net/demo/html/vcard/vcard/images/themes/default/loading.gif]
[premiumlayers.net/demo/html/vcard/vcard/images/themes/default/prev.png]
[premiumlayers.net/demo/html/vcard/vcard/images/themes/default/next.png]
[premiumlayers.net/demo/html/vcard/vcard/images/themes/default/close.png]
[premiumlayers.net/demo/html/vcard/vcard/images/themes/default/loading@2x.gif]
[premiumlayers.net/demo/html/vcard/vcard/images/themes/default/prev@2x.png]
[premiumlayers.net/demo/html/vcard/vcard/images/themes/default/next@2x.png]
[premiumlayers.net/demo/html/vcard/vcard/images/themes/default/close@2x.png]
[premiumlayers.net/demo/html/vcard/vcard/images/themes/default/default.css]
[premiumlayers.net/demo/html/vcard/vcard/css/animate.css]
[premiumlayers.net/demo/html/vcard/vcard/css/colors/yellow-black.css]
[premiumlayers.net/demo/html/vcard/vcard/css/colors/violet-black.css]
[premiumlayers.net/demo/html/vcard/vcard/css/colors/orange-black.css]
[premiumlayers.net/demo/html/vcard/vcard/css/colors/blue-black.css]
[premiumlayers.net/demo/html/vcard/vcard/css/colors/red-black.css]
[premiumlayers.net/demo/html/vcard/vcard/css/colors/green-black.css]
[premiumlayers.net/demo/html/vcard/vcard/css/colors/pink-black.css]
[premiumlayers.net/demo/html/vcard/vcard/css/colors/pale-green-black.css]
[premiumlayers.net/demo/html/vcard/vcard/index-2.html]
[premiumlayers.net/demo/html/vcard/vcard/images/blog/1-big.jpg]
[premiumlayers.net/demo/html/vcard/vcard/images/xtra/1.jpg]
[premiumlayers.net/demo/html/vcard/vcard/images/xtra/2.jpg]
[premiumlayers.net/demo/html/vcard/vcard/images/xtra/3.jpg]
[premiumlayers.net/demo/html/vcard/vcard/blog-single.html]
[premiumlayers.net/demo/html/vcard/vcard/fonts/glyphicons-halflings-regular.html]
[premiumlayers.net/demo/html/vcard/vcard/fonts/glyphicons-halflings-regulard41d.html]
[premiumlayers.net/demo/html/vcard/vcard/fonts/glyphicons-halflings-regular-2.html]
[premiumlayers.net/demo/html/vcard/vcard/fonts/glyphicons-halflings-regular-3.html]
[premiumlayers.net/demo/html/vcard/vcard/fonts/glyphicons-halflings-regular-4.html]
[premiumlayers.net/demo/html/vcard/vcard/font-awesome/fonts/fontawesome-webfontba72.svg]
[premiumlayers.net/demo/html/vcard/vcard/images/success.html]
[premiumlayers.net/demo/html/vcard/vcard/images/error.html]
[premiumlayers.net/demo/html/vcard/vcard/css/fonts/flexslider-icon.html]
[premiumlayers.net/demo/html/vcard/vcard/css/fonts/flexslider-icond41d.html]
[premiumlayers.net/demo/html/vcard/vcard/css/fonts/flexslider-icon-2.html]
[premiumlayers.net/demo/html/vcard/vcard/css/fonts/flexslider-icon-3.html]
[premiumlayers.net/demo/html/vcard/vcard/css/fonts/flexslider-icon-4.html]
[premiumlayers.net/demo/html/vcard/vcard/css/jquery.mCustomScrollbar.html]
[premiumlayers.net/demo/html/vcard/vcard/js/owl-carousel/owl.carousel.html]
[premiumlayers.net/demo/html/vcard/vcard/js/owl-carousel/owl.theme.html]
[premiumlayers.net/demo/html/vcard/vcard/js/owl-carousel/owl.transitions.html]
[premiumlayers.net/demo/html/vcard/vcard/css/colors/full-black.html]
[premiumlayers.net/demo/html/vcard/vcard/index-2.html]
[premiumlayers.net/demo/html/vcard/vcard/css/colors/yellow-black.html]
[premiumlayers.net/demo/html/vcard/vcard/css/colors/green-black.html]
[premiumlayers.net/demo/html/vcard/vcard/css/colors/red-black.html]
[premiumlayers.net/demo/html/vcard/vcard/css/colors/blue-black.html]
[premiumlayers.net/demo/html/vcard/vcard/css/colors/violet-black.html]
[premiumlayers.net/demo/html/vcard/vcard/css/colors/orange-black.html]
[premiumlayers.net/demo/html/vcard/vcard/css/colors/pink-black.html]
[premiumlayers.net/demo/html/vcard/vcard/css/colors/pale-green-black.html]
[premiumlayers.net/demo/html/vcard/vcard/js/jquery.mCustomScrollbar.concat.min.html]
